<?xml version="1.0" encoding="utf-8"?><testsuites name="pytest tests"><testsuite name="pytest" errors="0" failures="0" skipped="0" tests="5" time="15.332" timestamp="2025-11-06T22:29:34.214920-03:00" hostname="DESKTOP-DTQ66FK"><testcase classname="tests.test_login" name="test_login_scenarios[tomsmith-SuperSecretPassword!-Success]" time="3.731" /><testcase classname="tests.test_login" name="test_login_scenarios[invalid_user-SuperSecretPassword!-Fail]" time="2.820" /><testcase classname="tests.test_login" name="test_login_scenarios[tomsmith-wrongpassword-Fail]" time="2.883" /><testcase classname="tests.test_login" name="test_login_scenarios[ab-SuperSecretPassword!-Fail]" time="2.875" /><testcase classname="tests.test_login" name="test_login_scenarios[user#-pass123-Fail]" time="2.991" /></testsuite></testsuites>